Flow report for projeto_SD_cdmm
Tue Sep 29 07:24:24 2026
Quartus Prime Version 21.1.1 Build 850 06/23/2022 SJ Lite Edition


---------------------
; Table of Contents ;
---------------------
  1. Legal Notice
  2. Flow Summary
  3. Flow Settings
  4. Flow Non-Default Global Settings
  5. Flow Elapsed Time
  6. Flow OS Summary
  7. Flow Log
  8. Flow Messages
  9. Flow Suppressed Messages



----------------
; Legal Notice ;
----------------
Copyright (C) 2022  Intel Corporation. All rights reserved.
Your use of Intel Corporation's design tools, logic functions 
and other software and tools, and any partner logic 
functions, and any output files from any of the foregoing 
(including device programming or simulation files), and any 
associated documentation or information are expressly subject 
to the terms and conditions of the Intel Program License 
Subscription Agreement, the Intel Quartus Prime License Agreement,
the Intel FPGA IP License Agreement, or other applicable license
agreement, including, without limitation, that your use is for
the sole purpose of programming logic devices manufactured by
Intel and sold by Intel or its authorized distributors.  Please
refer to the applicable agreement for further details, at
https://fpgasoftware.intel.com/eula.



+----------------------------------------------------------------------------------+
; Flow Summary                                                                     ;
+------------------------------------+---------------------------------------------+
; Flow Status                        ; Successful - Tue Sep 29 07:24:24 2026       ;
; Quartus Prime Version              ; 21.1.1 Build 850 06/23/2022 SJ Lite Edition ;
; Revision Name                      ; projeto_SD_cdmm                             ;
; Top-level Entity Name              ; BCDunidades                                 ;
; Family                             ; Cyclone IV E                                ;
; Device                             ; EP4CE115F29C7                               ;
; Timing Models                      ; Final                                       ;
; Total logic elements               ; 15 / 114,480 ( < 1 % )                      ;
;     Total combinational functions  ; 15 / 114,480 ( < 1 % )                      ;
;     Dedicated logic registers      ; 0 / 114,480 ( 0 % )                         ;
; Total registers                    ; 0                                           ;
; Total pins                         ; 13 / 529 ( 2 % )                            ;
; Total virtual pins                 ; 0                                           ;
; Total memory bits                  ; 0 / 3,981,312 ( 0 % )                       ;
; Embedded Multiplier 9-bit elements ; 0 / 532 ( 0 % )                             ;
; Total PLLs                         ; 0 / 4 ( 0 % )                               ;
+------------------------------------+---------------------------------------------+


+-----------------------------------------+
; Flow Settings                           ;
+-------------------+---------------------+
; Option            ; Setting             ;
+-------------------+---------------------+
; Start date & time ; 09/29/2026 07:21:56 ;
; Main task         ; Compilation         ;
; Revision Name     ; projeto_SD_cdmm     ;
+-------------------+---------------------+


+--------------------------------------------------------------------------------------------------------------------------------------------------+
; Flow Non-Default Global Settings                                                                                                                 ;
+-------------------------------------+----------------------------------------+-----------------+-------------+-----------------------------------+
; Assignment Name                     ; Value                                  ; Default Value   ; Entity Name ; Section Id                        ;
+-------------------------------------+----------------------------------------+-----------------+-------------+-----------------------------------+
; COMPILER_SIGNATURE_ID               ; 238368719731776.179067731605492        ; --              ; --          ; --                                ;
; EDA_GENERATE_FUNCTIONAL_NETLIST     ; Off                                    ; --              ; --          ; eda_board_design_timing           ;
; EDA_GENERATE_FUNCTIONAL_NETLIST     ; Off                                    ; --              ; --          ; eda_board_design_boundary_scan    ;
; EDA_GENERATE_FUNCTIONAL_NETLIST     ; Off                                    ; --              ; --          ; eda_board_design_signal_integrity ;
; EDA_GENERATE_FUNCTIONAL_NETLIST     ; Off                                    ; --              ; --          ; eda_board_design_symbol           ;
; EDA_OUTPUT_DATA_FORMAT              ; Verilog Hdl                            ; --              ; --          ; eda_simulation                    ;
; EDA_SIMULATION_TOOL                 ; ModelSim (Verilog)                     ; <None>          ; --          ; --                                ;
; EDA_TIME_SCALE                      ; 1 ps                                   ; --              ; --          ; eda_simulation                    ;
; MAX_CORE_JUNCTION_TEMP              ; 85                                     ; --              ; --          ; --                                ;
; MIN_CORE_JUNCTION_TEMP              ; 0                                      ; --              ; --          ; --                                ;
; NOMINAL_CORE_SUPPLY_VOLTAGE         ; 1.2V                                   ; --              ; --          ; --                                ;
; PARTITION_COLOR                     ; -- (Not supported for targeted family) ; --              ; BCDunidades ; Top                               ;
; PARTITION_FITTER_PRESERVATION_LEVEL ; -- (Not supported for targeted family) ; --              ; BCDunidades ; Top                               ;
; PARTITION_NETLIST_TYPE              ; -- (Not supported for targeted family) ; --              ; BCDunidades ; Top                               ;
; PROJECT_OUTPUT_DIRECTORY            ; output_files                           ; --              ; --          ; --                                ;
; TOP_LEVEL_ENTITY                    ; BCDunidades                            ; projeto_SD_cdmm ; --          ; --                                ;
+-------------------------------------+----------------------------------------+-----------------+-------------+-----------------------------------+


+--------------------------------------------------------------------------------------------------------------------------+
; Flow Elapsed Time                                                                                                        ;
+----------------------+--------------+-------------------------+---------------------+------------------------------------+
; Module Name          ; Elapsed Time ; Average Processors Used ; Peak Virtual Memory ; Total CPU Time (on all processors) ;
+----------------------+--------------+-------------------------+---------------------+------------------------------------+
; Analysis & Synthesis ; 00:00:06     ; 1.0                     ; 4801 MB             ; 00:00:17                           ;
; Fitter               ; 00:00:07     ; 1.0                     ; 6836 MB             ; 00:00:14                           ;
; Assembler            ; 00:00:02     ; 1.0                     ; 4999 MB             ; 00:00:02                           ;
; Timing Analyzer      ; 00:00:02     ; 1.1                     ; 4983 MB             ; 00:00:01                           ;
; EDA Netlist Writer   ; 00:00:00     ; 1.0                     ; 4677 MB             ; 00:00:00                           ;
; EDA Netlist Writer   ; 00:00:00     ; 1.0                     ; 4660 MB             ; 00:00:00                           ;
; EDA Netlist Writer   ; 00:00:00     ; 1.0                     ; 4660 MB             ; 00:00:00                           ;
; EDA Netlist Writer   ; 00:00:01     ; 1.0                     ; 4660 MB             ; 00:00:00                           ;
; EDA Netlist Writer   ; 00:00:00     ; 1.0                     ; 4677 MB             ; 00:00:00                           ;
; Total                ; 00:00:18     ; --                      ; --                  ; 00:00:34                           ;
+----------------------+--------------+-------------------------+---------------------+------------------------------------+


+------------------------------------------------------------------------------------+
; Flow OS Summary                                                                    ;
+----------------------+------------------+------------+------------+----------------+
; Module Name          ; Machine Hostname ; OS Name    ; OS Version ; Processor type ;
+----------------------+------------------+------------+------------+----------------+
; Analysis & Synthesis ; hwc30            ; Windows 10 ; 10.0       ; x86_64         ;
; Fitter               ; hwc30            ; Windows 10 ; 10.0       ; x86_64         ;
; Assembler            ; hwc30            ; Windows 10 ; 10.0       ; x86_64         ;
; Timing Analyzer      ; hwc30            ; Windows 10 ; 10.0       ; x86_64         ;
; EDA Netlist Writer   ; hwc30            ; Windows 10 ; 10.0       ; x86_64         ;
; EDA Netlist Writer   ; hwc30            ; Windows 10 ; 10.0       ; x86_64         ;
; EDA Netlist Writer   ; hwc30            ; Windows 10 ; 10.0       ; x86_64         ;
; EDA Netlist Writer   ; hwc30            ; Windows 10 ; 10.0       ; x86_64         ;
; EDA Netlist Writer   ; hwc30            ; Windows 10 ; 10.0       ; x86_64         ;
+----------------------+------------------+------------+------------+----------------+


------------
; Flow Log ;
------------
quartus_map --read_settings_files=on --write_settings_files=off projeto_SD_cdmm -c projeto_SD_cdmm
quartus_fit --read_settings_files=off --write_settings_files=off projeto_SD_cdmm -c projeto_SD_cdmm
quartus_asm --read_settings_files=off --write_settings_files=off projeto_SD_cdmm -c projeto_SD_cdmm
quartus_sta projeto_SD_cdmm -c projeto_SD_cdmm
quartus_eda --read_settings_files=off --write_settings_files=off projeto_SD_cdmm -c projeto_SD_cdmm
quartus_eda --gen_testbench --tool=modelsim_oem --format=verilog --write_settings_files=off projeto_SD_cdmm -c projeto_SD_cdmm --vector_source="D:/Users/mjb/ALU-Digital-Systems/projeto_SD_cdmm (3)/projeto_SD_cdmm (2)/projeto_SD_cdmm/projeto_SD_cdmm/Waveform1.vwf" --testbench_file="D:/Users/mjb/ALU-Digital-Systems/projeto_SD_cdmm (3)/projeto_SD_cdmm (2)/projeto_SD_cdmm/projeto_SD_cdmm/simulation/qsim/Waveform1.vwf.vt"
quartus_eda --gen_testbench --tool=modelsim_oem --format=verilog --write_settings_files=off projeto_SD_cdmm -c projeto_SD_cdmm --vector_source="D:/Users/mjb/ALU-Digital-Systems/projeto_SD_cdmm (3)/projeto_SD_cdmm (2)/projeto_SD_cdmm/projeto_SD_cdmm/Waveform1.vwf" --testbench_file="D:/Users/mjb/ALU-Digital-Systems/projeto_SD_cdmm (3)/projeto_SD_cdmm (2)/projeto_SD_cdmm/projeto_SD_cdmm/simulation/qsim/Waveform1.vwf.vt"
quartus_eda --gen_testbench --tool=modelsim_oem --format=verilog --write_settings_files=off projeto_SD_cdmm -c projeto_SD_cdmm --vector_source="D:/Users/mjb/ALU-Digital-Systems/projeto_SD_cdmm (3)/projeto_SD_cdmm (2)/projeto_SD_cdmm/projeto_SD_cdmm/simuBCDunidade.vwf" --testbench_file="D:/Users/mjb/ALU-Digital-Systems/projeto_SD_cdmm (3)/projeto_SD_cdmm (2)/projeto_SD_cdmm/projeto_SD_cdmm/simulation/qsim/simuBCDunidade.vwf.vt"
quartus_eda --write_settings_files=off --simulation=on --functional=on --flatten_buses=off --tool=modelsim_oem --format=verilog --output_directory="D:/Users/mjb/ALU-Digital-Systems/projeto_SD_cdmm (3)/projeto_SD_cdmm (2)/projeto_SD_cdmm/projeto_SD_cdmm/simulation/qsim/" projeto_SD_cdmm -c projeto_SD_cdmm



